[rememberwhatitisthatyoulove.com/index.html]
[backblue.gif]
[fade.gif]
[index.html]
[rememberwhatitisthatyoulove.com/wp-includes/blocks/navigation/style.min9704.css]
[rememberwhatitisthatyoulove.com/wp-content/plugins/coblocks/dist/style-coblocks-1db4e.css]
[rememberwhatitisthatyoulove.com/wp-content/plugins/coblocks/dist/style-coblocks-extensionsdb4e.css]
[rememberwhatitisthatyoulove.com/wp-content/plugins/coblocks/dist/style-coblocks-animation5ca0.css]
[rememberwhatitisthatyoulove.com/wp-includes/css/dist/components/style.min9704.css]
[rememberwhatitisthatyoulove.com/wp-content/mu-plugins/vendor/wpex/godaddy-launch/includes/Dependencies/GoDaddy/Styles/build/latest4c56.css]
[rememberwhatitisthatyoulove.com/wp-content/plugins/easy-quotes/public/js/star413b.js]
[rememberwhatitisthatyoulove.com/wp-includes/js/jquery/jquery.minf43b.js]
[rememberwhatitisthatyoulove.com/wp-includes/js/jquery/jquery-migrate.min5589.js]
[rememberwhatitisthatyoulove.com/feed/index.html]
[rememberwhatitisthatyoulove.com/wp-includes/js/dist/hooks.min4fdd.js]
[rememberwhatitisthatyoulove.com/wp-includes/js/dist/i18n.minc33c.js]
[rememberwhatitisthatyoulove.com/comments/feed/index.html]
[rememberwhatitisthatyoulove.com/wp-content/plugins/easy-quotes/public/js/script413b.js]
[rememberwhatitisthatyoulove.com/wp-json/wp/v2/pages/63.json]
[rememberwhatitisthatyoulove.com/xmlrpc0db0.php]
[rememberwhatitisthatyoulove.com/wp-json/index.html]
[rememberwhatitisthatyoulove.com/wp-json/oembed/1.0/embed6c48.json]
[rememberwhatitisthatyoulove.com/wp-json/oembed/1.0/embed0167]
[pagead2.googlesyndication.com/pagead/js/f99ea.txt]
[rememberwhatitisthatyoulove.com/wp-includes/js/dist/script-modules/block-library/navigation/view.minf7ab.js]
[rememberwhatitisthatyoulove.com/wp-includes/js/dist/script-modules/interactivity/index.min563f.js]
[pagead2.googlesyndication.com/pagead/js/f14a9.txt]
[rememberwhatitisthatyoulove.com/wp-content/themes/twentytwentyfour/assets/fonts/inter/Inter-VariableFont_slnt,wght.woff2]
[rememberwhatitisthatyoulove.com/wp-content/themes/twentytwentyfour/assets/fonts/cardo/cardo_normal_400.woff2]
[rememberwhatitisthatyoulove.com/wp-content/themes/twentytwentyfour/assets/fonts/cardo/cardo_italic_400.woff2]
[rememberwhatitisthatyoulove.com/wp-content/themes/twentytwentyfour/assets/fonts/cardo/cardo_normal_700.woff2]
[rememberwhatitisthatyoulove.com/wp-content/uploads/2024/12/e9e92fad-6824-4f73-84ee-1c8f6dbd4a0a-1.jpg]
[rememberwhatitisthatyoulove.com/wp-content/uploads/2024/12/f3984a5f-0da0-4da6-8f49-93cd455da1c2.jpg]
[rememberwhatitisthatyoulove.com/wp-content/uploads/2024/12/IMG_9382-1024x768.jpg]
[rememberwhatitisthatyoulove.com/wp-content/uploads/2024/12/248200200_10223737699604014_895366931077521354_n.jpg]
[rememberwhatitisthatyoulove.com/wp-content/uploads/2024/12/467498228_10235059568288534_7986533627815571453_n.jpg]
[rememberwhatitisthatyoulove.com/wp-content/uploads/2024/12/268775408_10227318284241271_2912262082770365607_n-1024x1024.jpg]
[rememberwhatitisthatyoulove.com/about-page/index.html]
[rememberwhatitisthatyoulove.com/wp-content/plugins/coblocks/dist/js/coblocks-animationdb4e.js]
[rememberwhatitisthatyoulove.com/wp-content/plugins/coblocks/dist/js/vendors/tiny-swiperdb4e.js]
[rememberwhatitisthatyoulove.com/wp-content/plugins/coblocks/dist/js/coblocks-tinyswiper-initializerdb4e.js]
[rememberwhatitisthatyoulove.com/wp-content/plugins/coblocks/dist/js/coblocks-lightbox2929.js]
[img1.wsimg.com/signals/js/clients/scc-c2/scc-c2.min.js]
[img1.wsimg.com/signals/js/clients/tti/tti.min.js]
[rememberwhatitisthatyoulove.com/index.html]
[rememberwhatitisthatyoulove.com/wp-includes/blocks/navigation/style.min9704.css]
[rememberwhatitisthatyoulove.com/wp-content/plugins/coblocks/dist/style-coblocks-1db4e.css]
[rememberwhatitisthatyoulove.com/wp-content/plugins/coblocks/dist/style-coblocks-extensionsdb4e.css]
[rememberwhatitisthatyoulove.com/wp-content/plugins/coblocks/dist/style-coblocks-animation5ca0.css]
[rememberwhatitisthatyoulove.com/wp-includes/css/dist/components/style.min9704.css]
[rememberwhatitisthatyoulove.com/wp-content/mu-plugins/vendor/wpex/godaddy-launch/includes/Dependencies/GoDaddy/Styles/build/latest4c56.css]
[rememberwhatitisthatyoulove.com/xmlrpc0db0.html]
[rememberwhatitisthatyoulove.com/wp-json/wp/v2/pages/64.json]
[rememberwhatitisthatyoulove.com/wp-json/oembed/1.0/embed3328.json]
[rememberwhatitisthatyoulove.com/wp-json/oembed/1.0/embedcd33]
[rememberwhatitisthatyoulove.com/cdn-cgi/l/email-protection.html]
[rememberwhatitisthatyoulove.com/about-page/index.html]
[rememberwhatitisthatyoulove.com/index8cd4.html]
[rememberwhatitisthatyoulove.com/cdn-cgi/l/email-protection.html]
[rememberwhatitisthatyoulove.com/cdn-cgi/scripts/5c5dd728/cloudflare-static/email-decode.min.js]
